[ 2025-10-04 22:28:00,698 ] 148 numexpr.utils - INFO - Note: NumExpr detected 12 cores but "NUMEXPR_MAX_THREADS" not set, so enforcing safe limit of 8.
[ 2025-10-04 22:28:00,698 ] 160 numexpr.utils - INFO - NumExpr defaulting to 8 threads.
[ 2025-10-04 22:28:02,296 ] 97 werkzeug - WARNING -  * Debugger is active!
[ 2025-10-04 22:28:02,317 ] 97 werkzeug - INFO -  * Debugger PIN: 104-393-501
[ 2025-10-04 22:28:02,346 ] 97 werkzeug - INFO -  * Detected change in 'C:\\Users\\athar\\anaconda4\\Lib\\site-packages\\dill\\__init__.py', reloading
[ 2025-10-04 22:28:02,346 ] 97 werkzeug - INFO -  * Detected change in 'C:\\Users\\athar\\anaconda4\\Lib\\site-packages\\distributed\\__init__.py', reloading
[ 2025-10-04 22:28:02,363 ] 97 werkzeug - INFO -  * Detected change in 'C:\\Users\\athar\\anaconda4\\Lib\\site-packages\\distributed\\_version.py', reloading
[ 2025-10-04 22:28:02,382 ] 97 werkzeug - INFO -  * Detected change in 'C:\\Users\\athar\\anaconda4\\Lib\\site-packages\\distributed\\actor.py', reloading
[ 2025-10-04 22:28:02,412 ] 97 werkzeug - INFO -  * Detected change in 'C:\\Users\\athar\\anaconda4\\Lib\\site-packages\\distributed\\client.py', reloading
[ 2025-10-04 22:28:02,446 ] 97 werkzeug - INFO -  * Detected change in 'C:\\Users\\athar\\anaconda4\\Lib\\site-packages\\distributed\\core.py', reloading
[ 2025-10-04 22:28:02,461 ] 97 werkzeug - INFO -  * Detected change in 'C:\\Users\\athar\\anaconda4\\Lib\\site-packages\\distributed\\comm\\__init__.py', reloading
[ 2025-10-04 22:28:02,478 ] 97 werkzeug - INFO -  * Detected change in 'C:\\Users\\athar\\anaconda4\\Lib\\site-packages\\distributed\\comm\\core.py', reloading
[ 2025-10-04 22:28:02,485 ] 97 werkzeug - INFO -  * Detected change in 'C:\\Users\\athar\\anaconda4\\Lib\\site-packages\\distributed\\deploy\\__init__.py', reloading
[ 2025-10-04 22:28:02,496 ] 97 werkzeug - INFO -  * Detected change in 'C:\\Users\\athar\\anaconda4\\Lib\\site-packages\\distributed\\deploy\\adaptive.py', reloading
[ 2025-10-04 22:28:02,519 ] 97 werkzeug - INFO -  * Detected change in 'C:\\Users\\athar\\anaconda4\\Lib\\site-packages\\distributed\\deploy\\local.py', reloading
[ 2025-10-04 22:28:02,532 ] 97 werkzeug - INFO -  * Detected change in 'C:\\Users\\athar\\anaconda4\\Lib\\site-packages\\distributed\\deploy\\spec.py', reloading
[ 2025-10-04 22:28:02,546 ] 97 werkzeug - INFO -  * Detected change in 'C:\\Users\\athar\\anaconda4\\Lib\\site-packages\\distributed\\deploy\\ssh.py', reloading
[ 2025-10-04 22:28:02,558 ] 97 werkzeug - INFO -  * Detected change in 'C:\\Users\\athar\\anaconda4\\Lib\\site-packages\\distributed\\deploy\\subprocess.py', reloading
[ 2025-10-04 22:28:02,572 ] 97 werkzeug - INFO -  * Detected change in 'C:\\Users\\athar\\anaconda4\\Lib\\site-packages\\distributed\\diagnostics\\plugin.py', reloading
[ 2025-10-04 22:28:02,586 ] 97 werkzeug - INFO -  * Detected change in 'C:\\Users\\athar\\anaconda4\\Lib\\site-packages\\distributed\\diagnostics\\progressbar.py', reloading
[ 2025-10-04 22:28:02,598 ] 97 werkzeug - INFO -  * Detected change in 'C:\\Users\\athar\\anaconda4\\Lib\\site-packages\\distributed\\event.py', reloading
[ 2025-10-04 22:28:02,609 ] 97 werkzeug - INFO -  * Detected change in 'C:\\Users\\athar\\anaconda4\\Lib\\site-packages\\distributed\\lock.py', reloading
[ 2025-10-04 22:28:02,621 ] 97 werkzeug - INFO -  * Detected change in 'C:\\Users\\athar\\anaconda4\\Lib\\site-packages\\distributed\\multi_lock.py', reloading
[ 2025-10-04 22:28:02,634 ] 97 werkzeug - INFO -  * Detected change in 'C:\\Users\\athar\\anaconda4\\Lib\\site-packages\\distributed\\nanny.py', reloading
[ 2025-10-04 22:28:02,648 ] 97 werkzeug - INFO -  * Detected change in 'C:\\Users\\athar\\anaconda4\\Lib\\site-packages\\distributed\\pubsub.py', reloading
[ 2025-10-04 22:28:02,656 ] 97 werkzeug - INFO -  * Detected change in 'C:\\Users\\athar\\anaconda4\\Lib\\site-packages\\distributed\\queues.py', reloading
[ 2025-10-04 22:28:02,683 ] 97 werkzeug - INFO -  * Detected change in 'C:\\Users\\athar\\anaconda4\\Lib\\site-packages\\distributed\\scheduler.py', reloading
[ 2025-10-04 22:28:02,731 ] 97 werkzeug - INFO -  * Detected change in 'C:\\Users\\athar\\anaconda4\\Lib\\site-packages\\distributed\\security.py', reloading
[ 2025-10-04 22:28:02,743 ] 97 werkzeug - INFO -  * Detected change in 'C:\\Users\\athar\\anaconda4\\Lib\\site-packages\\distributed\\semaphore.py', reloading
[ 2025-10-04 22:28:02,755 ] 97 werkzeug - INFO -  * Detected change in 'C:\\Users\\athar\\anaconda4\\Lib\\site-packages\\distributed\\spans.py', reloading
[ 2025-10-04 22:28:02,769 ] 97 werkzeug - INFO -  * Detected change in 'C:\\Users\\athar\\anaconda4\\Lib\\site-packages\\distributed\\threadpoolexecutor.py', reloading
[ 2025-10-04 22:28:02,782 ] 97 werkzeug - INFO -  * Detected change in 'C:\\Users\\athar\\anaconda4\\Lib\\site-packages\\distributed\\utils.py', reloading
[ 2025-10-04 22:28:02,800 ] 97 werkzeug - INFO -  * Detected change in 'C:\\Users\\athar\\anaconda4\\Lib\\site-packages\\distributed\\variable.py', reloading
[ 2025-10-04 22:28:02,814 ] 97 werkzeug - INFO -  * Detected change in 'C:\\Users\\athar\\anaconda4\\Lib\\site-packages\\distributed\\worker.py', reloading
[ 2025-10-04 22:28:02,832 ] 97 werkzeug - INFO -  * Detected change in 'C:\\Users\\athar\\anaconda4\\Lib\\site-packages\\distributed\\exceptions.py', reloading
[ 2025-10-04 22:28:02,843 ] 97 werkzeug - INFO -  * Detected change in 'C:\\Users\\athar\\anaconda4\\Lib\\site-packages\\distributed\\worker_client.py', reloading
[ 2025-10-04 22:28:02,846 ] 97 werkzeug - INFO -  * Detected change in 'C:\\Users\\athar\\anaconda4\\Lib\\site-packages\\distro\\__init__.py', reloading
[ 2025-10-04 22:28:02,862 ] 97 werkzeug - INFO -  * Detected change in 'C:\\Users\\athar\\anaconda4\\Lib\\site-packages\\distro\\distro.py', reloading
[ 2025-10-04 22:28:02,881 ] 97 werkzeug - INFO -  * Detected change in 'C:\\Users\\athar\\anaconda4\\Lib\\site-packages\\docstring_to_markdown\\__init__.py', reloading
[ 2025-10-04 22:28:02,893 ] 97 werkzeug - INFO -  * Detected change in 'C:\\Users\\athar\\anaconda4\\Lib\\site-packages\\dotenv\\__init__.py', reloading
[ 2025-10-04 22:28:02,899 ] 97 werkzeug - INFO -  * Detected change in 'C:\\Users\\athar\\anaconda4\\Lib\\site-packages\\dotenv\\main.py', reloading
[ 2025-10-04 22:28:02,914 ] 97 werkzeug - INFO -  * Detected change in 'C:\\Users\\athar\\anaconda4\\Lib\\site-packages\\duckduckgo_search\\__init__.py', reloading
[ 2025-10-04 22:28:02,930 ] 97 werkzeug - INFO -  * Detected change in 'C:\\Users\\athar\\anaconda4\\Lib\\site-packages\\duckduckgo_search\\duckduckgo_search.py', reloading
[ 2025-10-04 22:28:02,947 ] 97 werkzeug - INFO -  * Detected change in 'C:\\Users\\athar\\anaconda4\\Lib\\site-packages\\duckduckgo_search\\version.py', reloading
[ 2025-10-04 22:28:02,947 ] 97 werkzeug - INFO -  * Detected change in 'C:\\Users\\athar\\anaconda4\\Lib\\site-packages\\easydict\\__init__.py', reloading
[ 2025-10-04 22:28:02,965 ] 97 werkzeug - INFO -  * Detected change in 'C:\\Users\\athar\\anaconda4\\Lib\\site-packages\\erfa\\__init__.py', reloading
[ 2025-10-04 22:28:02,965 ] 97 werkzeug - INFO -  * Detected change in 'C:\\Users\\athar\\anaconda4\\Lib\\site-packages\\et_xmlfile\\__init__.py', reloading
[ 2025-10-04 22:28:02,980 ] 97 werkzeug - INFO -  * Detected change in 'C:\\Users\\athar\\anaconda4\\Lib\\site-packages\\executing\\__init__.py', reloading
[ 2025-10-04 22:28:02,999 ] 97 werkzeug - INFO -  * Detected change in 'C:\\Users\\athar\\anaconda4\\Lib\\site-packages\\executing\\executing.py', reloading
[ 2025-10-04 22:28:03,021 ] 97 werkzeug - INFO -  * Detected change in 'C:\\Users\\athar\\anaconda4\\Lib\\site-packages\\fastjsonschema\\__init__.py', reloading
[ 2025-10-04 22:28:03,033 ] 97 werkzeug - INFO -  * Detected change in 'C:\\Users\\athar\\anaconda4\\Lib\\site-packages\\fastjsonschema\\exceptions.py', reloading
[ 2025-10-04 22:28:03,040 ] 97 werkzeug - INFO -  * Detected change in 'C:\\Users\\athar\\anaconda4\\Lib\\site-packages\\fastjsonschema\\version.py', reloading
[ 2025-10-04 22:28:03,051 ] 97 werkzeug - INFO -  * Detected change in 'C:\\Users\\athar\\anaconda4\\Lib\\site-packages\\filelock\\__init__.py', reloading
[ 2025-10-04 22:28:03,063 ] 97 werkzeug - INFO -  * Detected change in 'C:\\Users\\athar\\anaconda4\\Lib\\site-packages\\filelock\\_api.py', reloading
[ 2025-10-04 22:28:03,072 ] 97 werkzeug - INFO -  * Detected change in 'C:\\Users\\athar\\anaconda4\\Lib\\site-packages\\filelock\\_error.py', reloading
[ 2025-10-04 22:28:03,084 ] 97 werkzeug - INFO -  * Detected change in 'C:\\Users\\athar\\anaconda4\\Lib\\site-packages\\filelock\\_soft.py', reloading
[ 2025-10-04 22:28:03,094 ] 97 werkzeug - INFO -  * Detected change in 'C:\\Users\\athar\\anaconda4\\Lib\\site-packages\\filelock\\_unix.py', reloading
[ 2025-10-04 22:28:03,104 ] 97 werkzeug - INFO -  * Detected change in 'C:\\Users\\athar\\anaconda4\\Lib\\site-packages\\filelock\\_windows.py', reloading
[ 2025-10-04 22:28:03,120 ] 97 werkzeug - INFO -  * Detected change in 'C:\\Users\\athar\\anaconda4\\Lib\\site-packages\\flask\\app.py', reloading
[ 2025-10-04 22:28:03,135 ] 97 werkzeug - INFO -  * Detected change in 'C:\\Users\\athar\\anaconda4\\Lib\\site-packages\\flask\\__init__.py', reloading
[ 2025-10-04 22:28:03,151 ] 97 werkzeug - INFO -  * Detected change in 'C:\\Users\\athar\\anaconda4\\Lib\\site-packages\\flask\\blueprints.py', reloading
[ 2025-10-04 22:28:03,165 ] 97 werkzeug - INFO -  * Detected change in 'C:\\Users\\athar\\anaconda4\\Lib\\site-packages\\flask\\sansio\\blueprints.py', reloading
[ 2025-10-04 22:28:03,180 ] 97 werkzeug - INFO -  * Detected change in 'C:\\Users\\athar\\anaconda4\\Lib\\site-packages\\flask\\cli.py', reloading
[ 2025-10-04 22:28:03,200 ] 97 werkzeug - INFO -  * Detected change in 'C:\\Users\\athar\\anaconda4\\Lib\\site-packages\\flask\\config.py', reloading
[ 2025-10-04 22:28:03,212 ] 97 werkzeug - INFO -  * Detected change in 'C:\\Users\\athar\\anaconda4\\Lib\\site-packages\\flask\\ctx.py', reloading
[ 2025-10-04 22:28:03,225 ] 97 werkzeug - INFO -  * Detected change in 'C:\\Users\\athar\\anaconda4\\Lib\\site-packages\\flask\\debughelpers.py', reloading
[ 2025-10-04 22:28:03,236 ] 97 werkzeug - INFO -  * Detected change in 'C:\\Users\\athar\\anaconda4\\Lib\\site-packages\\flask\\globals.py', reloading
[ 2025-10-04 22:28:03,248 ] 97 werkzeug - INFO -  * Detected change in 'C:\\Users\\athar\\anaconda4\\Lib\\site-packages\\flask\\helpers.py', reloading
[ 2025-10-04 22:28:03,262 ] 97 werkzeug - INFO -  * Detected change in 'C:\\Users\\athar\\anaconda4\\Lib\\site-packages\\flask\\json\\__init__.py', reloading
[ 2025-10-04 22:28:03,272 ] 97 werkzeug - INFO -  * Detected change in 'C:\\Users\\athar\\anaconda4\\Lib\\site-packages\\flask\\logging.py', reloading
[ 2025-10-04 22:28:03,285 ] 97 werkzeug - INFO -  * Detected change in 'C:\\Users\\athar\\anaconda4\\Lib\\site-packages\\flask\\sessions.py', reloading
[ 2025-10-04 22:28:03,296 ] 97 werkzeug - INFO -  * Detected change in 'C:\\Users\\athar\\anaconda4\\Lib\\site-packages\\flask\\signals.py', reloading
[ 2025-10-04 22:28:03,296 ] 97 werkzeug - INFO -  * Detected change in 'C:\\Users\\athar\\anaconda4\\Lib\\site-packages\\flask\\templating.py', reloading
[ 2025-10-04 22:28:03,312 ] 97 werkzeug - INFO -  * Detected change in 'C:\\Users\\athar\\anaconda4\\Lib\\site-packages\\flask\\testing.py', reloading
[ 2025-10-04 22:28:03,330 ] 97 werkzeug - INFO -  * Detected change in 'C:\\Users\\athar\\anaconda4\\Lib\\site-packages\\flask\\typing.py', reloading
